Completing activity as failed ({'activity_id': '1', 'activity_type': 'b5_mutate', 'attempt': 1, 'namespace': 'default', 'task_queue': 'b5-ws6', 'workflow_id': 'b5-b5_temporal-after_barrier_before_dispatch-ledger_postings-r21-5', 'workflow_run_id': '635fb72e-2fa5-4b81-b887-7312e13cf009', 'workflow_type': 'B5Workflow'})
Traceback (most recent call last):
  File "/mnt/d/personal/AEP/Research-paper-AEP/.venv/lib/python3.13/site-packages/temporalio/worker/_activity.py", line 351, in _handle_start_activity_task
    result = await self._execute_activity(
             ^^^^^^^^^^^^^^^^^^^^^^^^^^^^^
        start, running_activity, task_token, data_converter
        ^^^^^^^^^^^^^^^^^^^^^^^^^^^^^^^^^^^^^^^^^^^^^^^^^^^
    )
    ^
  File "/mnt/d/personal/AEP/Research-paper-AEP/.venv/lib/python3.13/site-packages/temporalio/worker/_activity.py", line 681, in _execute_activity
    return await impl.execute_activity(input)
           ^^^^^^^^^^^^^^^^^^^^^^^^^^^^^^^^^^
  File "/mnt/d/personal/AEP/Research-paper-AEP/.venv/lib/python3.13/site-packages/temporalio/worker/_activity.py", line 889, in execute_activity
    return await input.fn(*input.args)
           ^^^^^^^^^^^^^^^^^^^^^^^^^^^
  File "/mnt/d/personal/AEP/Research-paper-AEP/experiments/baselines/b5_temporal/worker.py", line 214, in b5_mutate
    response = await client.post(
               ^^^^^^^^^^^^^^^^^^
    ...<16 lines>...
    )
    ^
  File "/mnt/d/personal/AEP/Research-paper-AEP/.venv/lib/python3.13/site-packages/httpx/_client.py", line 1859, in post
    return await self.request(
           ^^^^^^^^^^^^^^^^^^^
    ...<13 lines>...
    )
    ^
  File "/mnt/d/personal/AEP/Research-paper-AEP/.venv/lib/python3.13/site-packages/httpx/_client.py", line 1540, in request
    return await self.send(request, auth=auth, follow_redirects=follow_redirects)
           ^^^^^^^^^^^^^^^^^^^^^^^^^^^^^^^^^^^^^^^^^^^^^^^^^^^^^^^^^^^^^^^^^^^^^^
  File "/mnt/d/personal/AEP/Research-paper-AEP/.venv/lib/python3.13/site-packages/httpx/_client.py", line 1629, in send
    response = await self._send_handling_auth(
               ^^^^^^^^^^^^^^^^^^^^^^^^^^^^^^^
    ...<4 lines>...
    )
    ^
  File "/mnt/d/personal/AEP/Research-paper-AEP/.venv/lib/python3.13/site-packages/httpx/_client.py", line 1657, in _send_handling_auth
    response = await self._send_handling_redirects(
               ^^^^^^^^^^^^^^^^^^^^^^^^^^^^^^^^^^^^
    ...<3 lines>...
    )
    ^
  File "/mnt/d/personal/AEP/Research-paper-AEP/.venv/lib/python3.13/site-packages/httpx/_client.py", line 1694, in _send_handling_redirects
    response = await self._send_single_request(request)
               ^^^^^^^^^^^^^^^^^^^^^^^^^^^^^^^^^^^^^^^^
  File "/mnt/d/personal/AEP/Research-paper-AEP/.venv/lib/python3.13/site-packages/httpx/_client.py", line 1730, in _send_single_request
    response = await transport.handle_async_request(request)
               ^^^^^^^^^^^^^^^^^^^^^^^^^^^^^^^^^^^^^^^^^^^^^
  File "/mnt/d/personal/AEP/Research-paper-AEP/.venv/lib/python3.13/site-packages/httpx/_transports/default.py", line 394, in handle_async_request
    resp = await self._pool.handle_async_request(req)
           ^^^^^^^^^^^^^^^^^^^^^^^^^^^^^^^^^^^^^^^^^^
  File "/mnt/d/personal/AEP/Research-paper-AEP/.venv/lib/python3.13/site-packages/httpcore/_async/connection_pool.py", line 256, in handle_async_request
    raise exc from None
  File "/mnt/d/personal/AEP/Research-paper-AEP/.venv/lib/python3.13/site-packages/httpcore/_async/connection_pool.py", line 236, in handle_async_request
    response = await connection.handle_async_request(
               ^^^^^^^^^^^^^^^^^^^^^^^^^^^^^^^^^^^^^^
        pool_request.request
        ^^^^^^^^^^^^^^^^^^^^
    )
    ^
  File "/mnt/d/personal/AEP/Research-paper-AEP/.venv/lib/python3.13/site-packages/httpcore/_async/connection.py", line 103, in handle_async_request
    return await self._connection.handle_async_request(request)
           ^^^^^^^^^^^^^^^^^^^^^^^^^^^^^^^^^^^^^^^^^^^^^^^^^^^^
  File "/mnt/d/personal/AEP/Research-paper-AEP/.venv/lib/python3.13/site-packages/httpcore/_async/http11.py", line 136, in handle_async_request
    raise exc
  File "/mnt/d/personal/AEP/Research-paper-AEP/.venv/lib/python3.13/site-packages/httpcore/_async/http11.py", line 106, in handle_async_request
    ) = await self._receive_response_headers(**kwargs)
        ^^^^^^^^^^^^^^^^^^^^^^^^^^^^^^^^^^^^^^^^^^^^^^
  File "/mnt/d/personal/AEP/Research-paper-AEP/.venv/lib/python3.13/site-packages/httpcore/_async/http11.py", line 177, in _receive_response_headers
    event = await self._receive_event(timeout=timeout)
            ^^^^^^^^^^^^^^^^^^^^^^^^^^^^^^^^^^^^^^^^^^
  File "/mnt/d/personal/AEP/Research-paper-AEP/.venv/lib/python3.13/site-packages/httpcore/_async/http11.py", line 217, in _receive_event
    data = await self._network_stream.read(
           ^^^^^^^^^^^^^^^^^^^^^^^^^^^^^^^^
        self.READ_NUM_BYTES, timeout=timeout
        ^^^^^^^^^^^^^^^^^^^^^^^^^^^^^^^^^^^^
    )
    ^
  File "/mnt/d/personal/AEP/Research-paper-AEP/.venv/lib/python3.13/site-packages/httpcore/_backends/anyio.py", line 35, in read
    return await self._stream.receive(max_bytes=max_bytes)
           ^^^^^^^^^^^^^^^^^^^^^^^^^^^^^^^^^^^^^^^^^^^^^^^
  File "/mnt/d/personal/AEP/Research-paper-AEP/.venv/lib/python3.13/site-packages/anyio/_backends/_asyncio.py", line 1337, in receive
    await self._protocol.read_event.wait()
  File "/root/.local/share/uv/python/cpython-3.13.0-linux-x86_64-gnu/lib/python3.13/asyncio/locks.py", line 213, in wait
    await fut
asyncio.exceptions.CancelledError: Activity cancelled
Completing activity as failed ({'activity_id': '1', 'activity_type': 'b5_mutate', 'attempt': 2, 'namespace': 'default', 'task_queue': 'b5-ws6', 'workflow_id': 'b5-b5_temporal-after_barrier_before_dispatch-ledger_postings-r21-5', 'workflow_run_id': '635fb72e-2fa5-4b81-b887-7312e13cf009', 'workflow_type': 'B5Workflow'})
Traceback (most recent call last):
  File "/mnt/d/personal/AEP/Research-paper-AEP/.venv/lib/python3.13/site-packages/temporalio/worker/_activity.py", line 351, in _handle_start_activity_task
    result = await self._execute_activity(
             ^^^^^^^^^^^^^^^^^^^^^^^^^^^^^
        start, running_activity, task_token, data_converter
        ^^^^^^^^^^^^^^^^^^^^^^^^^^^^^^^^^^^^^^^^^^^^^^^^^^^
    )
    ^
  File "/mnt/d/personal/AEP/Research-paper-AEP/.venv/lib/python3.13/site-packages/temporalio/worker/_activity.py", line 681, in _execute_activity
    return await impl.execute_activity(input)
           ^^^^^^^^^^^^^^^^^^^^^^^^^^^^^^^^^^
  File "/mnt/d/personal/AEP/Research-paper-AEP/.venv/lib/python3.13/site-packages/temporalio/worker/_activity.py", line 889, in execute_activity
    return await input.fn(*input.args)
           ^^^^^^^^^^^^^^^^^^^^^^^^^^^
  File "/mnt/d/personal/AEP/Research-paper-AEP/experiments/baselines/b5_temporal/worker.py", line 214, in b5_mutate
    response = await client.post(
               ^^^^^^^^^^^^^^^^^^
    ...<16 lines>...
    )
    ^
  File "/mnt/d/personal/AEP/Research-paper-AEP/.venv/lib/python3.13/site-packages/httpx/_client.py", line 1859, in post
    return await self.request(
           ^^^^^^^^^^^^^^^^^^^
    ...<13 lines>...
    )
    ^
  File "/mnt/d/personal/AEP/Research-paper-AEP/.venv/lib/python3.13/site-packages/httpx/_client.py", line 1540, in request
    return await self.send(request, auth=auth, follow_redirects=follow_redirects)
           ^^^^^^^^^^^^^^^^^^^^^^^^^^^^^^^^^^^^^^^^^^^^^^^^^^^^^^^^^^^^^^^^^^^^^^
  File "/mnt/d/personal/AEP/Research-paper-AEP/.venv/lib/python3.13/site-packages/httpx/_client.py", line 1629, in send
    response = await self._send_handling_auth(
               ^^^^^^^^^^^^^^^^^^^^^^^^^^^^^^^
    ...<4 lines>...
    )
    ^
  File "/mnt/d/personal/AEP/Research-paper-AEP/.venv/lib/python3.13/site-packages/httpx/_client.py", line 1657, in _send_handling_auth
    response = await self._send_handling_redirects(
               ^^^^^^^^^^^^^^^^^^^^^^^^^^^^^^^^^^^^
    ...<3 lines>...
    )
    ^
  File "/mnt/d/personal/AEP/Research-paper-AEP/.venv/lib/python3.13/site-packages/httpx/_client.py", line 1694, in _send_handling_redirects
    response = await self._send_single_request(request)
               ^^^^^^^^^^^^^^^^^^^^^^^^^^^^^^^^^^^^^^^^
  File "/mnt/d/personal/AEP/Research-paper-AEP/.venv/lib/python3.13/site-packages/httpx/_client.py", line 1730, in _send_single_request
    response = await transport.handle_async_request(request)
               ^^^^^^^^^^^^^^^^^^^^^^^^^^^^^^^^^^^^^^^^^^^^^
  File "/mnt/d/personal/AEP/Research-paper-AEP/.venv/lib/python3.13/site-packages/httpx/_transports/default.py", line 394, in handle_async_request
    resp = await self._pool.handle_async_request(req)
           ^^^^^^^^^^^^^^^^^^^^^^^^^^^^^^^^^^^^^^^^^^
  File "/mnt/d/personal/AEP/Research-paper-AEP/.venv/lib/python3.13/site-packages/httpcore/_async/connection_pool.py", line 256, in handle_async_request
    raise exc from None
  File "/mnt/d/personal/AEP/Research-paper-AEP/.venv/lib/python3.13/site-packages/httpcore/_async/connection_pool.py", line 236, in handle_async_request
    response = await connection.handle_async_request(
               ^^^^^^^^^^^^^^^^^^^^^^^^^^^^^^^^^^^^^^
        pool_request.request
        ^^^^^^^^^^^^^^^^^^^^
    )
    ^
  File "/mnt/d/personal/AEP/Research-paper-AEP/.venv/lib/python3.13/site-packages/httpcore/_async/connection.py", line 103, in handle_async_request
    return await self._connection.handle_async_request(request)
           ^^^^^^^^^^^^^^^^^^^^^^^^^^^^^^^^^^^^^^^^^^^^^^^^^^^^
  File "/mnt/d/personal/AEP/Research-paper-AEP/.venv/lib/python3.13/site-packages/httpcore/_async/http11.py", line 136, in handle_async_request
    raise exc
  File "/mnt/d/personal/AEP/Research-paper-AEP/.venv/lib/python3.13/site-packages/httpcore/_async/http11.py", line 106, in handle_async_request
    ) = await self._receive_response_headers(**kwargs)
        ^^^^^^^^^^^^^^^^^^^^^^^^^^^^^^^^^^^^^^^^^^^^^^
  File "/mnt/d/personal/AEP/Research-paper-AEP/.venv/lib/python3.13/site-packages/httpcore/_async/http11.py", line 177, in _receive_response_headers
    event = await self._receive_event(timeout=timeout)
            ^^^^^^^^^^^^^^^^^^^^^^^^^^^^^^^^^^^^^^^^^^
  File "/mnt/d/personal/AEP/Research-paper-AEP/.venv/lib/python3.13/site-packages/httpcore/_async/http11.py", line 217, in _receive_event
    data = await self._network_stream.read(
           ^^^^^^^^^^^^^^^^^^^^^^^^^^^^^^^^
        self.READ_NUM_BYTES, timeout=timeout
        ^^^^^^^^^^^^^^^^^^^^^^^^^^^^^^^^^^^^
    )
    ^
  File "/mnt/d/personal/AEP/Research-paper-AEP/.venv/lib/python3.13/site-packages/httpcore/_backends/anyio.py", line 35, in read
    return await self._stream.receive(max_bytes=max_bytes)
           ^^^^^^^^^^^^^^^^^^^^^^^^^^^^^^^^^^^^^^^^^^^^^^^
  File "/mnt/d/personal/AEP/Research-paper-AEP/.venv/lib/python3.13/site-packages/anyio/_backends/_asyncio.py", line 1337, in receive
    await self._protocol.read_event.wait()
  File "/root/.local/share/uv/python/cpython-3.13.0-linux-x86_64-gnu/lib/python3.13/asyncio/locks.py", line 213, in wait
    await fut
asyncio.exceptions.CancelledError: Activity cancelled
Completing activity as failed ({'activity_id': '1', 'activity_type': 'b5_mutate', 'attempt': 1, 'namespace': 'default', 'task_queue': 'b5-ws6', 'workflow_id': 'b5-b5_temporal-after_barrier_before_dispatch-ledger_postings-r21-6', 'workflow_run_id': '72341e59-807f-48e1-ad4b-8217f42da449', 'workflow_type': 'B5Workflow'})
Traceback (most recent call last):
  File "/mnt/d/personal/AEP/Research-paper-AEP/.venv/lib/python3.13/site-packages/temporalio/worker/_activity.py", line 351, in _handle_start_activity_task
    result = await self._execute_activity(
             ^^^^^^^^^^^^^^^^^^^^^^^^^^^^^
        start, running_activity, task_token, data_converter
        ^^^^^^^^^^^^^^^^^^^^^^^^^^^^^^^^^^^^^^^^^^^^^^^^^^^
    )
    ^
  File "/mnt/d/personal/AEP/Research-paper-AEP/.venv/lib/python3.13/site-packages/temporalio/worker/_activity.py", line 681, in _execute_activity
    return await impl.execute_activity(input)
           ^^^^^^^^^^^^^^^^^^^^^^^^^^^^^^^^^^
  File "/mnt/d/personal/AEP/Research-paper-AEP/.venv/lib/python3.13/site-packages/temporalio/worker/_activity.py", line 889, in execute_activity
    return await input.fn(*input.args)
           ^^^^^^^^^^^^^^^^^^^^^^^^^^^
  File "/mnt/d/personal/AEP/Research-paper-AEP/experiments/baselines/b5_temporal/worker.py", line 214, in b5_mutate
    response = await client.post(
               ^^^^^^^^^^^^^^^^^^
    ...<16 lines>...
    )
    ^
  File "/mnt/d/personal/AEP/Research-paper-AEP/.venv/lib/python3.13/site-packages/httpx/_client.py", line 1859, in post
    return await self.request(
           ^^^^^^^^^^^^^^^^^^^
    ...<13 lines>...
    )
    ^
  File "/mnt/d/personal/AEP/Research-paper-AEP/.venv/lib/python3.13/site-packages/httpx/_client.py", line 1540, in request
    return await self.send(request, auth=auth, follow_redirects=follow_redirects)
           ^^^^^^^^^^^^^^^^^^^^^^^^^^^^^^^^^^^^^^^^^^^^^^^^^^^^^^^^^^^^^^^^^^^^^^
  File "/mnt/d/personal/AEP/Research-paper-AEP/.venv/lib/python3.13/site-packages/httpx/_client.py", line 1629, in send
    response = await self._send_handling_auth(
               ^^^^^^^^^^^^^^^^^^^^^^^^^^^^^^^
    ...<4 lines>...
    )
    ^
  File "/mnt/d/personal/AEP/Research-paper-AEP/.venv/lib/python3.13/site-packages/httpx/_client.py", line 1657, in _send_handling_auth
    response = await self._send_handling_redirects(
               ^^^^^^^^^^^^^^^^^^^^^^^^^^^^^^^^^^^^
    ...<3 lines>...
    )
    ^
  File "/mnt/d/personal/AEP/Research-paper-AEP/.venv/lib/python3.13/site-packages/httpx/_client.py", line 1694, in _send_handling_redirects
    response = await self._send_single_request(request)
               ^^^^^^^^^^^^^^^^^^^^^^^^^^^^^^^^^^^^^^^^
  File "/mnt/d/personal/AEP/Research-paper-AEP/.venv/lib/python3.13/site-packages/httpx/_client.py", line 1730, in _send_single_request
    response = await transport.handle_async_request(request)
               ^^^^^^^^^^^^^^^^^^^^^^^^^^^^^^^^^^^^^^^^^^^^^
  File "/mnt/d/personal/AEP/Research-paper-AEP/.venv/lib/python3.13/site-packages/httpx/_transports/default.py", line 394, in handle_async_request
    resp = await self._pool.handle_async_request(req)
           ^^^^^^^^^^^^^^^^^^^^^^^^^^^^^^^^^^^^^^^^^^
  File "/mnt/d/personal/AEP/Research-paper-AEP/.venv/lib/python3.13/site-packages/httpcore/_async/connection_pool.py", line 256, in handle_async_request
    raise exc from None
  File "/mnt/d/personal/AEP/Research-paper-AEP/.venv/lib/python3.13/site-packages/httpcore/_async/connection_pool.py", line 236, in handle_async_request
    response = await connection.handle_async_request(
               ^^^^^^^^^^^^^^^^^^^^^^^^^^^^^^^^^^^^^^
        pool_request.request
        ^^^^^^^^^^^^^^^^^^^^
    )
    ^
  File "/mnt/d/personal/AEP/Research-paper-AEP/.venv/lib/python3.13/site-packages/httpcore/_async/connection.py", line 103, in handle_async_request
    return await self._connection.handle_async_request(request)
           ^^^^^^^^^^^^^^^^^^^^^^^^^^^^^^^^^^^^^^^^^^^^^^^^^^^^
  File "/mnt/d/personal/AEP/Research-paper-AEP/.venv/lib/python3.13/site-packages/httpcore/_async/http11.py", line 136, in handle_async_request
    raise exc
  File "/mnt/d/personal/AEP/Research-paper-AEP/.venv/lib/python3.13/site-packages/httpcore/_async/http11.py", line 106, in handle_async_request
    ) = await self._receive_response_headers(**kwargs)
        ^^^^^^^^^^^^^^^^^^^^^^^^^^^^^^^^^^^^^^^^^^^^^^
  File "/mnt/d/personal/AEP/Research-paper-AEP/.venv/lib/python3.13/site-packages/httpcore/_async/http11.py", line 177, in _receive_response_headers
    event = await self._receive_event(timeout=timeout)
            ^^^^^^^^^^^^^^^^^^^^^^^^^^^^^^^^^^^^^^^^^^
  File "/mnt/d/personal/AEP/Research-paper-AEP/.venv/lib/python3.13/site-packages/httpcore/_async/http11.py", line 217, in _receive_event
    data = await self._network_stream.read(
           ^^^^^^^^^^^^^^^^^^^^^^^^^^^^^^^^
        self.READ_NUM_BYTES, timeout=timeout
        ^^^^^^^^^^^^^^^^^^^^^^^^^^^^^^^^^^^^
    )
    ^
  File "/mnt/d/personal/AEP/Research-paper-AEP/.venv/lib/python3.13/site-packages/httpcore/_backends/anyio.py", line 35, in read
    return await self._stream.receive(max_bytes=max_bytes)
           ^^^^^^^^^^^^^^^^^^^^^^^^^^^^^^^^^^^^^^^^^^^^^^^
  File "/mnt/d/personal/AEP/Research-paper-AEP/.venv/lib/python3.13/site-packages/anyio/_backends/_asyncio.py", line 1337, in receive
    await self._protocol.read_event.wait()
  File "/root/.local/share/uv/python/cpython-3.13.0-linux-x86_64-gnu/lib/python3.13/asyncio/locks.py", line 213, in wait
    await fut
asyncio.exceptions.CancelledError: Activity cancelled
